// Jest Snapshot v1, https://goo.gl/fbAQLP

exports[`help command > should display help #0 1`] = `"<base>"`;
